2026-07-08 00:06:05 | INFO     | isic_archive_1_cleaning | ======================================================================
2026-07-08 00:06:05 | INFO     | isic_archive_1_cleaning | ISIC ARCHIVE 1 DATA CLEANING - START
2026-07-08 00:06:05 | INFO     | isic_archive_1_cleaning | ======================================================================
2026-07-08 00:06:05 | INFO     | isic_archive_1_cleaning | --- Step 1: Schema construction ---
2026-07-08 00:06:05 | INFO     | isic_archive_1_cleaning | Built metadata from folder structure: 2357 rows x 5 columns
2026-07-08 00:06:05 | WARNING  | isic_archive_1_cleaning | Excluded 310 rows (155 distinct filenames) with conflicting class labels across locations
2026-07-08 00:06:05 | INFO     | isic_archive_1_cleaning | Saved -> D:\Naeem\thesis-v2\Multimodal_Skin_Disease_Research\data\interim\ISIC_Archive_1\metadata_standardized.csv
2026-07-08 00:06:05 | INFO     | isic_archive_1_cleaning | --- Step 2: Label standardization ---
2026-07-08 00:06:05 | INFO     | isic_archive_1_cleaning | Label standardization applied: 9 codes -> 9 standardized labels
2026-07-08 00:06:05 | INFO     | isic_archive_1_cleaning | Saved -> D:\Naeem\thesis-v2\Multimodal_Skin_Disease_Research\data\processed\ISIC_Archive_1\label_mapping.csv
2026-07-08 00:06:05 | INFO     | isic_archive_1_cleaning | --- Step 3: Validation split ---
2026-07-08 00:06:05 | ERROR    | isic_archive_1_cleaning | Cleaning pipeline failed
Traceback (most recent call last):
  File "D:\Naeem\thesis-v2\Multimodal_Skin_Disease_Research\src\data_cleaning\run_cleaning_isic_archive_1.py", line 43, in main
    splits = c03_val_split.run(logger, df)
  File "D:\Naeem\thesis-v2\Multimodal_Skin_Disease_Research\src\data_cleaning\isic_archive_1\c03_val_split.py", line 31, in run
    rng.shuffle(idx)
    ~~~~~~~~~~~^^^^^
  File "numpy/random/_generator.pyx", line 4856, in numpy.random._generator.Generator.shuffle
ValueError: array is read-only
