2026-07-07 23:06:51 | INFO     | isic_archive_2_audit | ======================================================================
2026-07-07 23:06:51 | INFO     | isic_archive_2_audit | ISIC ARCHIVE 2 DATASET AUDIT - START
2026-07-07 23:06:51 | INFO     | isic_archive_2_audit | ======================================================================
2026-07-07 23:06:51 | INFO     | isic_archive_2_audit | --- Module 1: Folder structure + image inventory ---
2026-07-07 23:06:51 | INFO     | isic_archive_2_audit | Building folder structure + image inventory from D:\Naeem\thesis-v2\Multimodal_Skin_Disease_Research\data\raw\ISIC_Archive_2
2026-07-07 23:06:53 | INFO     | isic_archive_2_audit |   images -> 25331 image files
2026-07-07 23:06:54 | INFO     | isic_archive_2_audit | Total images inventoried: 25331
2026-07-07 23:06:54 | INFO     | isic_archive_2_audit | Saved -> D:\Naeem\thesis-v2\Multimodal_Skin_Disease_Research\reports\ISIC_Archive_2\01_folder_structure.csv
2026-07-07 23:06:54 | INFO     | isic_archive_2_audit | Saved -> D:\Naeem\thesis-v2\Multimodal_Skin_Disease_Research\reports\ISIC_Archive_2\02_image_inventory.csv
2026-07-07 23:06:54 | INFO     | isic_archive_2_audit | --- Module 2: Image verification / size stats ---
2026-07-07 23:06:54 | INFO     | isic_archive_2_audit | Verifying 25331 images (open + decode)
2026-07-07 23:13:39 | INFO     | isic_archive_2_audit | Verification complete: 25331 OK, 0 CORRUPTED
2026-07-07 23:13:40 | INFO     | isic_archive_2_audit | Width range: 576-6748 px | Height range: 450-4499 px | Distinct resolutions: 217
2026-07-07 23:13:40 | INFO     | isic_archive_2_audit | Saved -> D:\Naeem\thesis-v2\Multimodal_Skin_Disease_Research\reports\ISIC_Archive_2\03_image_verification.csv
2026-07-07 23:13:40 | INFO     | isic_archive_2_audit | Saved -> D:\Naeem\thesis-v2\Multimodal_Skin_Disease_Research\reports\ISIC_Archive_2\04_image_size_stats.csv
2026-07-07 23:13:40 | INFO     | isic_archive_2_audit | Saved figure -> D:\Naeem\thesis-v2\Multimodal_Skin_Disease_Research\reports\ISIC_Archive_2\figures\image_size_distribution.png
2026-07-07 23:13:40 | INFO     | isic_archive_2_audit | --- Module 3: Missing / orphan image detection ---
2026-07-07 23:13:40 | INFO     | isic_archive_2_audit | Metadata rows: 25331 | Inventory files: 25331
2026-07-07 23:13:40 | INFO     | isic_archive_2_audit | Missing images (in metadata, not on disk): 0
2026-07-07 23:13:40 | INFO     | isic_archive_2_audit | Orphan images (on disk, not in metadata): 0
2026-07-07 23:13:40 | INFO     | isic_archive_2_audit | Duplicate isic_id entries in metadata: 0
2026-07-07 23:13:40 | INFO     | isic_archive_2_audit | --- Module 4: Metadata overview + column descriptions ---
2026-07-07 23:13:40 | INFO     | isic_archive_2_audit | Metadata shape: 25331 rows x 27 columns
2026-07-07 23:13:40 | INFO     | isic_archive_2_audit | Fully duplicate rows: 0
2026-07-07 23:13:40 | INFO     | isic_archive_2_audit | Column data dictionary built for 27 columns
2026-07-07 23:13:40 | INFO     | isic_archive_2_audit | Saved -> D:\Naeem\thesis-v2\Multimodal_Skin_Disease_Research\reports\ISIC_Archive_2\06_column_description.csv
2026-07-07 23:13:40 | INFO     | isic_archive_2_audit | --- Module 5: Missing value analysis ---
2026-07-07 23:13:40 | INFO     | isic_archive_2_audit | Missing values (isna()), highest first:
2026-07-07 23:13:40 | INFO     | isic_archive_2_audit |   anatom_site_5: 25292 missing (99.85%)
2026-07-07 23:13:40 | INFO     | isic_archive_2_audit |   anatom_site_4: 25092 missing (99.06%)
2026-07-07 23:13:40 | INFO     | isic_archive_2_audit |   diagnosis_5: 24917 missing (98.37%)
2026-07-07 23:13:40 | INFO     | isic_archive_2_audit |   patient_id: 24914 missing (98.35%)
2026-07-07 23:13:40 | INFO     | isic_archive_2_audit |   family_hx_mm: 24786 missing (97.85%)
2026-07-07 23:13:40 | INFO     | isic_archive_2_audit |   clin_size_long_diam_mm: 24775 missing (97.81%)
2026-07-07 23:13:40 | INFO     | isic_archive_2_audit |   personal_hx_mm: 24776 missing (97.81%)
2026-07-07 23:13:40 | INFO     | isic_archive_2_audit |   anatom_site_special: 24371 missing (96.21%)
2026-07-07 23:13:40 | INFO     | isic_archive_2_audit |   diagnosis_4: 24355 missing (96.15%)
2026-07-07 23:13:40 | INFO     | isic_archive_2_audit |   dermoscopic_type: 23901 missing (94.35%)
2026-07-07 23:13:40 | INFO     | isic_archive_2_audit |   anatom_site_3: 22167 missing (87.51%)
2026-07-07 23:13:40 | INFO     | isic_archive_2_audit |   anatom_site_2: 13404 missing (52.92%)
2026-07-07 23:13:40 | INFO     | isic_archive_2_audit |   anatom_site_general: 2582 missing (10.19%)
2026-07-07 23:13:40 | INFO     | isic_archive_2_audit |   diagnosis_confirm_type: 2459 missing (9.71%)
2026-07-07 23:13:40 | INFO     | isic_archive_2_audit |   lesion_id: 1667 missing (6.58%)
2026-07-07 23:13:40 | INFO     | isic_archive_2_audit |   anatom_site_1: 1618 missing (6.39%)
2026-07-07 23:13:40 | INFO     | isic_archive_2_audit |   age_approx: 482 missing (1.90%)
2026-07-07 23:13:40 | INFO     | isic_archive_2_audit |   sex: 384 missing (1.52%)
2026-07-07 23:13:40 | INFO     | isic_archive_2_audit |   diagnosis_3: 255 missing (1.01%)
2026-07-07 23:13:40 | INFO     | isic_archive_2_audit | Saved -> D:\Naeem\thesis-v2\Multimodal_Skin_Disease_Research\reports\ISIC_Archive_2\07_missing_value_report.csv
2026-07-07 23:13:40 | INFO     | isic_archive_2_audit | --- Module 6: Class distribution ---
2026-07-07 23:13:40 | ERROR    | isic_archive_2_audit | Audit pipeline failed
Traceback (most recent call last):
  File "D:\Naeem\thesis-v2\Multimodal_Skin_Disease_Research\src\data_audit\run_audit_isic_archive_2.py", line 59, in main
    results["class_distribution"] = m06_class_distribution.run(logger)
                                    ~~~~~~~~~~~~~~~~~~~~~~~~~~^^^^^^^^
  File "D:\Naeem\thesis-v2\Multimodal_Skin_Disease_Research\src\data_audit\isic_archive_2\m06_class_distribution.py", line 41, in run
    ax.bar(plot_counts.index.astype(str), plot_counts.values, color="teal")
    ~~~~~~^^^^^^^^^^^^^^^^^^^^^^^^^^^^^^^^^^^^^^^^^^^^^^^^^^^^^^^^^^^^^^^^^
  File "D:\Naeem\thesis-v2\Multimodal_Skin_Disease_Research\.venv\Lib\site-packages\matplotlib\__init__.py", line 1528, in inner
    return func(
        ax,
        *map(cbook.sanitize_sequence, args),
        **{k: cbook.sanitize_sequence(v) for k, v in kwargs.items()})
  File "D:\Naeem\thesis-v2\Multimodal_Skin_Disease_Research\.venv\Lib\site-packages\matplotlib\axes\_axes.py", line 2495, in bar
    self._process_unit_info(
    ~~~~~~~~~~~~~~~~~~~~~~~^
        [("x", x), ("y", y), ("y", height)], kwargs, convert=False)
        ^^^^^^^^^^^^^^^^^^^^^^^^^^^^^^^^^^^^^^^^^^^^^^^^^^^^^^^^^^^
  File "D:\Naeem\thesis-v2\Multimodal_Skin_Disease_Research\.venv\Lib\site-packages\matplotlib\axes\_base.py", line 2744, in _process_unit_info
    axis.update_units(data)
    ~~~~~~~~~~~~~~~~~^^^^^^
  File "D:\Naeem\thesis-v2\Multimodal_Skin_Disease_Research\.venv\Lib\site-packages\matplotlib\axis.py", line 1902, in update_units
    default = self._converter.default_units(data, self)
  File "D:\Naeem\thesis-v2\Multimodal_Skin_Disease_Research\.venv\Lib\site-packages\matplotlib\category.py", line 106, in default_units
    axis.set_units(UnitData(data))
                   ~~~~~~~~^^^^^^
  File "D:\Naeem\thesis-v2\Multimodal_Skin_Disease_Research\.venv\Lib\site-packages\matplotlib\category.py", line 182, in __init__
    self.update(data)
    ~~~~~~~~~~~^^^^^^
  File "D:\Naeem\thesis-v2\Multimodal_Skin_Disease_Research\.venv\Lib\site-packages\matplotlib\category.py", line 217, in update
    _api.check_isinstance((str, bytes), value=val)
    ~~~~~~~~~~~~~~~~~~~~~^^^^^^^^^^^^^^^^^^^^^^^^^
  File "D:\Naeem\thesis-v2\Multimodal_Skin_Disease_Research\.venv\Lib\site-packages\matplotlib\_api\__init__.py", line 150, in check_isinstance
    raise TypeError(
    ...<4 lines>...
            type_name(type(v))))
TypeError: 'value' must be an instance of str or bytes, not a float
