2026-07-08 00:11:14 | INFO     | isic_archive_2_cleaning | ======================================================================
2026-07-08 00:11:14 | INFO     | isic_archive_2_cleaning | ISIC ARCHIVE 2 DATA CLEANING - START
2026-07-08 00:11:14 | INFO     | isic_archive_2_cleaning | ======================================================================
2026-07-08 00:11:14 | INFO     | isic_archive_2_cleaning | --- Step 1: Column standardization ---
2026-07-08 00:11:15 | INFO     | isic_archive_2_cleaning | Loaded raw metadata: 25331 rows x 27 columns
2026-07-08 00:11:15 | INFO     | isic_archive_2_cleaning | Renamed columns: {'isic_id': 'image_id'}
2026-07-08 00:11:16 | INFO     | isic_archive_2_cleaning | All 25331 image_id values resolved to a file under data/raw/
2026-07-08 00:11:16 | INFO     | isic_archive_2_cleaning | Saved -> D:\Naeem\thesis-v2\Multimodal_Skin_Disease_Research\data\interim\ISIC_Archive_2\metadata_standardized.csv
2026-07-08 00:11:16 | INFO     | isic_archive_2_cleaning | --- Step 2: Value validation ---
2026-07-08 00:11:16 | INFO     | isic_archive_2_cleaning | Value validation: no anomalies flagged
2026-07-08 00:11:16 | INFO     | isic_archive_2_cleaning | Saved -> D:\Naeem\thesis-v2\Multimodal_Skin_Disease_Research\data\interim\ISIC_Archive_2\value_validation_report.csv
2026-07-08 00:11:16 | INFO     | isic_archive_2_cleaning | --- Step 3: Label standardization ---
2026-07-08 00:11:16 | WARNING  | isic_archive_2_cleaning | 255 rows have no diagnosis_3 value and therefore no disease_label (excluded from splits, kept in interim file)
2026-07-08 00:11:16 | INFO     | isic_archive_2_cleaning | Label standardization applied: 13 codes -> 9 standardized labels
2026-07-08 00:11:16 | INFO     | isic_archive_2_cleaning | Saved -> D:\Naeem\thesis-v2\Multimodal_Skin_Disease_Research\data\processed\ISIC_Archive_2\label_mapping.csv
2026-07-08 00:11:16 | INFO     | isic_archive_2_cleaning | --- Step 4: Group-wise split ---
2026-07-08 00:11:16 | INFO     | isic_archive_2_cleaning | Rows with a disease_label available for splitting: 25076/25331
2026-07-08 00:11:16 | INFO     | isic_archive_2_cleaning | train: 17535 images, 9612 groups
2026-07-08 00:11:16 | INFO     | isic_archive_2_cleaning | val: 3769 images, 2075 groups
2026-07-08 00:11:16 | INFO     | isic_archive_2_cleaning | test: 3772 images, 2107 groups
2026-07-08 00:11:16 | INFO     | isic_archive_2_cleaning | Split seed: 42 | Target ratios: {'train': 0.7, 'val': 0.15, 'test': 0.15}
2026-07-08 00:11:16 | INFO     | isic_archive_2_cleaning | Saved -> D:\Naeem\thesis-v2\Multimodal_Skin_Disease_Research\data\processed\ISIC_Archive_2\group_split_assignment.csv
2026-07-08 00:11:16 | INFO     | isic_archive_2_cleaning | --- Step 5: Split quality report ---
2026-07-08 00:11:16 | INFO     | isic_archive_2_cleaning | No lesion/image group overlap between train/val/test - split is leakage-free
2026-07-08 00:11:16 | INFO     | isic_archive_2_cleaning | train: 17535 images (69.9% of total)
2026-07-08 00:11:16 | INFO     | isic_archive_2_cleaning | val: 3769 images (15.0% of total)
2026-07-08 00:11:16 | INFO     | isic_archive_2_cleaning | test: 3772 images (15.0% of total)
2026-07-08 00:11:16 | INFO     | isic_archive_2_cleaning | Saved -> D:\Naeem\thesis-v2\Multimodal_Skin_Disease_Research\data\processed\ISIC_Archive_2\split_quality_report.csv
2026-07-08 00:11:16 | INFO     | isic_archive_2_cleaning | --- Step 6: Dataset description ---
2026-07-08 00:11:16 | INFO     | isic_archive_2_cleaning | Dataset description written -> D:\Naeem\thesis-v2\Multimodal_Skin_Disease_Research\data\processed\ISIC_Archive_2\dataset_description.md
2026-07-08 00:11:16 | INFO     | isic_archive_2_cleaning | ======================================================================
2026-07-08 00:11:16 | INFO     | isic_archive_2_cleaning | ISIC ARCHIVE 2 DATA CLEANING - COMPLETE
2026-07-08 00:11:16 | INFO     | isic_archive_2_cleaning | ======================================================================
