2026-07-09 00:22:48 | INFO     | pad_ufes20_eda | ======================================================================
2026-07-09 00:22:48 | INFO     | pad_ufes20_eda | PAD-UFES-20 EDA - START
2026-07-09 00:22:48 | INFO     | pad_ufes20_eda | ======================================================================
2026-07-09 00:22:48 | INFO     | pad_ufes20_eda | 01_class_distribution done: {'Basal Cell Carcinoma': 586, 'Actinic Keratosis': 513, 'Nevus': 167, 'Seborrheic Keratosis': 167, 'Squamous Cell Carcinoma': 135, 'Melanoma': 38}
2026-07-09 00:22:50 | INFO     | pad_ufes20_eda | 02_demographics (+ symptoms, lifestyle) done
2026-07-09 00:22:50 | ERROR    | pad_ufes20_eda | EDA pipeline failed
Traceback (most recent call last):
  File "D:\Naeem\thesis-v2\Multimodal_Skin_Disease_Research\src\eda\eda_pad_ufes20.py", line 143, in main
    run_fitzpatrick(logger, train)
    ~~~~~~~~~~~~~~~^^^^^^^^^^^^^^^
  File "D:\Naeem\thesis-v2\Multimodal_Skin_Disease_Research\src\eda\eda_pad_ufes20.py", line 75, in run_fitzpatrick
    plotting.plot_categorical_bar(
    ~~~~~~~~~~~~~~~~~~~~~~~~~~~~~^
        train["fitspatrick"], config.PAD_UFES20_EDA_FIGURES_DIR / "03_fitzpatrick_distribution.png",
        ^^^^^^^^^^^^^^^^^^^^^^^^^^^^^^^^^^^^^^^^^^^^^^^^^^^^^^^^^^^^^^^^^^^^^^^^^^^^^^^^^^^^^^^^^^^^
        "PAD-UFES-20 (train) - Fitzpatrick skin type distribution", "fitzpatrick type",
        ^^^^^^^^^^^^^^^^^^^^^^^^^^^^^^^^^^^^^^^^^^^^^^^^^^^^^^^^^^^^^^^^^^^^^^^^^^^^^^^
    )
    ^
  File "D:\Naeem\thesis-v2\Multimodal_Skin_Disease_Research\src\eda\common\plotting.py", line 43, in plot_categorical_bar
    ax.bar(counts.index, counts.values, color="#55A868")
    ~~~~~~^^^^^^^^^^^^^^^^^^^^^^^^^^^^^^^^^^^^^^^^^^^^^^
  File "D:\Naeem\thesis-v2\Multimodal_Skin_Disease_Research\.venv\Lib\site-packages\matplotlib\__init__.py", line 1528, in inner
    return func(
        ax,
        *map(cbook.sanitize_sequence, args),
        **{k: cbook.sanitize_sequence(v) for k, v in kwargs.items()})
  File "D:\Naeem\thesis-v2\Multimodal_Skin_Disease_Research\.venv\Lib\site-packages\matplotlib\axes\_axes.py", line 2495, in bar
    self._process_unit_info(
    ~~~~~~~~~~~~~~~~~~~~~~~^
        [("x", x), ("y", y), ("y", height)], kwargs, convert=False)
        ^^^^^^^^^^^^^^^^^^^^^^^^^^^^^^^^^^^^^^^^^^^^^^^^^^^^^^^^^^^
  File "D:\Naeem\thesis-v2\Multimodal_Skin_Disease_Research\.venv\Lib\site-packages\matplotlib\axes\_base.py", line 2744, in _process_unit_info
    axis.update_units(data)
    ~~~~~~~~~~~~~~~~~^^^^^^
  File "D:\Naeem\thesis-v2\Multimodal_Skin_Disease_Research\.venv\Lib\site-packages\matplotlib\axis.py", line 1902, in update_units
    default = self._converter.default_units(data, self)
  File "D:\Naeem\thesis-v2\Multimodal_Skin_Disease_Research\.venv\Lib\site-packages\matplotlib\category.py", line 106, in default_units
    axis.set_units(UnitData(data))
                   ~~~~~~~~^^^^^^
  File "D:\Naeem\thesis-v2\Multimodal_Skin_Disease_Research\.venv\Lib\site-packages\matplotlib\category.py", line 182, in __init__
    self.update(data)
    ~~~~~~~~~~~^^^^^^
  File "D:\Naeem\thesis-v2\Multimodal_Skin_Disease_Research\.venv\Lib\site-packages\matplotlib\category.py", line 217, in update
    _api.check_isinstance((str, bytes), value=val)
    ~~~~~~~~~~~~~~~~~~~~~^^^^^^^^^^^^^^^^^^^^^^^^^
  File "D:\Naeem\thesis-v2\Multimodal_Skin_Disease_Research\.venv\Lib\site-packages\matplotlib\_api\__init__.py", line 150, in check_isinstance
    raise TypeError(
    ...<4 lines>...
            type_name(type(v))))
TypeError: 'value' must be an instance of str or bytes, not a float
